// Jest Snapshot v1, https://goo.gl/fbAQLP

exports[`Should display edit expense correctly 1`] = `
<div>
  <h1>
    Edit Expense
  </h1>
  <ExpenseForm
    expense={
      Object {
        "amount": 98000,
        "createdAt": -864000000,
        "description": "Electricity",
        "id": "2",
        "note": "",
      }
    }
    onSubmit={[Function]}
  />
  <button
    onClick={[Function]}
  >
    Remove
  </button>
</div>
`;
